=== Wed Sep 30 07:19:10 PM PDT 2026 | job 59144814 on nid004134 ===
  validation: 24/24 passed
  running 48 tasks x 30 repeats (n=100) ...
  warming up and calibrating ...
  48 tasks, estimated 0.3 s (0.0 min) of timed work
  ... 3/30 repeats
  ... 6/30 repeats
  ... 9/30 repeats
  ... 12/30 repeats
  ... 15/30 repeats
  ... 18/30 repeats
  ... 21/30 repeats
  ... 24/30 repeats
  ... 27/30 repeats
  ... 30/30 repeats
  n=100 done, checkpointed to bench_pure.npz
  validation: 24/24 passed
  running 48 tasks x 30 repeats (n=320) ...
  warming up and calibrating ...
  48 tasks, estimated 0.2 s (0.0 min) of timed work
  ... 3/30 repeats
  ... 6/30 repeats
  ... 9/30 repeats
  ... 12/30 repeats
  ... 15/30 repeats
  ... 18/30 repeats
  ... 21/30 repeats
  ... 24/30 repeats
  ... 27/30 repeats
  ... 30/30 repeats
  n=320 done, checkpointed to bench_pure.npz
  validation: 24/24 passed
  running 48 tasks x 30 repeats (n=1000) ...
  warming up and calibrating ...
  48 tasks, estimated 0.5 s (0.0 min) of timed work
  ... 3/30 repeats
  ... 6/30 repeats
  ... 9/30 repeats
  ... 12/30 repeats
  ... 15/30 repeats
  ... 18/30 repeats
  ... 21/30 repeats
  ... 24/30 repeats
  ... 27/30 repeats
  ... 30/30 repeats
  n=1000 done, checkpointed to bench_pure.npz
  validation: 24/24 passed
  running 48 tasks x 30 repeats (n=3200) ...
  warming up and calibrating ...
  48 tasks, estimated 1.5 s (0.0 min) of timed work
  ... 3/30 repeats
  ... 6/30 repeats
  ... 9/30 repeats
  ... 12/30 repeats
  ... 15/30 repeats
  ... 18/30 repeats
  ... 21/30 repeats
  ... 24/30 repeats
  ... 27/30 repeats
  ... 30/30 repeats
  n=3200 done, checkpointed to bench_pure.npz
  validation: 24/24 passed
  running 48 tasks x 30 repeats (n=10000) ...
  warming up and calibrating ...
  48 tasks, estimated 5.2 s (0.1 min) of timed work
  ... 3/30 repeats
  ... 6/30 repeats
  ... 9/30 repeats
  ... 12/30 repeats
  ... 15/30 repeats
  ... 18/30 repeats
  ... 21/30 repeats
  ... 24/30 repeats
  ... 27/30 repeats
  ... 30/30 repeats
  n=10000 done, checkpointed to bench_pure.npz
  validation: 24/24 passed
  running 48 tasks x 30 repeats (n=32000) ...
  warming up and calibrating ...
  48 tasks, estimated 18.2 s (0.3 min) of timed work
  ... 3/30 repeats
  ... 6/30 repeats
  ... 9/30 repeats
  ... 12/30 repeats
  ... 15/30 repeats
  ... 18/30 repeats
  ... 21/30 repeats
  ... 24/30 repeats
  ... 27/30 repeats
  ... 30/30 repeats
  n=32000 done, checkpointed to bench_pure.npz
  validation: 24/24 passed
  running 48 tasks x 30 repeats (n=100000) ...
  warming up and calibrating ...
  48 tasks, estimated 78.9 s (1.3 min) of timed work
  ... 3/30 repeats
  ... 6/30 repeats
  ... 9/30 repeats
  ... 12/30 repeats
  ... 15/30 repeats
  ... 18/30 repeats
  ... 21/30 repeats
  ... 24/30 repeats
  ... 27/30 repeats
  ... 30/30 repeats
  n=100000 done, checkpointed to bench_pure.npz
  validation: 24/24 passed
  running 48 tasks x 30 repeats (n=320000) ...
  warming up and calibrating ...
  48 tasks, estimated 258.8 s (4.3 min) of timed work
  ... 3/30 repeats
  ... 6/30 repeats
  ... 9/30 repeats
  ... 12/30 repeats
  ... 15/30 repeats
  ... 18/30 repeats
  ... 21/30 repeats
  ... 24/30 repeats
  ... 27/30 repeats
  ... 30/30 repeats
  n=320000 done, checkpointed to bench_pure.npz
  validation: 24/24 passed
  running 48 tasks x 30 repeats (n=1000000) ...
  warming up and calibrating ...
  48 tasks, estimated 769.1 s (12.8 min) of timed work
  ... 3/30 repeats
  ... 6/30 repeats
  ... 9/30 repeats
  ... 12/30 repeats
  ... 15/30 repeats
  ... 18/30 repeats
  ... 21/30 repeats
  ... 24/30 repeats
  ... 27/30 repeats
  ... 30/30 repeats
  n=1000000 done, checkpointed to bench_pure.npz
numpy 2.5.3, python 3.14.7 on x86_64 / Linux-6.4.0-150600.23.125_15.0.29-cray_shasta_c-x86_64-with-glibc2.38
  3 implementations, 8 ops, 30 repeats

========================================================================================
n=100 (400 elements): median ns/element, cold
========================================================================================
op         py-list-float     py-list-f32    py-obj-array
add                 47.7            80.8            20.4
mul                 47.9            80.7            20.4
div                 51.5            80.2            20.3
sqrt                48.4           154.5            45.8
exp                 52.7           196.5            50.7
cos                 68.8           173.3            65.5
muladd              60.1           135.1            41.3
matmul             106.0           214.6            51.8
B/elem              48.1            52.1            48.0

========================================================================================
n=320 (1280 elements): median ns/element, cold
========================================================================================
op         py-list-float     py-list-f32    py-obj-array
add                 49.5            82.5            19.4
mul                 48.4            80.7            19.3
div                 54.4            80.6            19.3
sqrt                50.4           154.0            45.0
exp                 54.1           195.8            50.0
cos                 69.0           176.1            66.2
muladd              63.8           137.1            40.8
matmul             117.6           220.6            50.4
B/elem              48.0            52.0            48.0

========================================================================================
n=1000 (4000 elements): median ns/element, cold
========================================================================================
op         py-list-float     py-list-f32    py-obj-array
add                 46.9            79.2            22.2
mul                 47.4            79.3            22.1
div                 53.9            79.0            22.2
sqrt                51.3           153.5            44.3
exp                 54.6           194.4            49.6
cos                 69.9           170.9            63.2
muladd              60.7           135.3            46.2
matmul             106.8           215.6            50.3
B/elem              48.0            52.0            48.0

========================================================================================
n=3200 (12800 elements): median ns/element, cold
========================================================================================
op         py-list-float     py-list-f32    py-obj-array
add                 49.1            79.5            23.3
mul                 49.3            78.9            23.2
div                 54.6            79.0            23.3
sqrt                51.7           153.7            44.3
exp                 55.7           193.5            49.3
cos                 70.5           170.7            64.0
muladd              63.3           135.8            47.0
matmul             110.5           216.1            49.6
B/elem              48.0            52.0            48.0

========================================================================================
n=10000 (40000 elements): median ns/element, cold
========================================================================================
op         py-list-float     py-list-f32    py-obj-array
add                 50.0            82.0            24.2
mul                 50.7            82.1            24.1
div                 57.3            81.5            24.1
sqrt                54.5           158.2            46.0
exp                 58.3           197.9            51.5
cos                 72.9           174.8            66.3
muladd              64.4           138.8            49.0
matmul             110.2           220.3            49.3
B/elem              48.0            52.0            48.0

========================================================================================
n=32000 (128000 elements): median ns/element, cold
========================================================================================
op         py-list-float     py-list-f32    py-obj-array
add                 56.3            86.4            28.5
mul                 56.2            86.3            27.8
div                 63.1            88.9            27.6
sqrt                58.5           160.2            48.8
exp                 62.5           201.7            54.1
cos                 76.6           178.6            69.7
muladd              70.2           144.0            54.4
matmul             112.8           224.2            54.8
B/elem              48.0            52.0            48.0

========================================================================================
n=100000 (400000 elements): median ns/element, cold
========================================================================================
op         py-list-float     py-list-f32    py-obj-array
add                 93.2           122.0            65.1
mul                 94.4           123.9            64.8
div                104.0           121.9            64.8
sqrt                97.9           197.6            88.9
exp                105.3           235.9            92.0
cos                119.9           211.6           106.4
muladd             111.8           177.2           132.9
matmul             149.9           254.0            92.3
B/elem              48.0            52.0            48.0

========================================================================================
n=320000 (1280000 elements): median ns/element, cold
========================================================================================
op         py-list-float     py-list-f32    py-obj-array
add                106.9           134.7            75.0
mul                106.3           134.8            75.1
div                113.9           134.6            74.8
sqrt               111.5           209.3            99.4
exp                114.7           246.9           102.9
cos                130.0           224.6           118.5
muladd             122.5           188.2           157.7
matmul             163.2           267.5           101.9
B/elem              48.0            52.0            48.0

========================================================================================
n=1000000 (4000000 elements): median ns/element, cold
========================================================================================
op         py-list-float     py-list-f32    py-obj-array
add                102.1           131.0            74.2
mul                101.9           131.1            73.8
div                109.5           131.4            74.0
sqrt               107.0           204.4            97.7
exp                110.1           243.5           102.0
cos                125.5           219.4           117.4
muladd             116.6           184.6           155.6
matmul             156.7           263.6           100.9
B/elem              48.0            52.0            48.0

saved run-by-run timings + metadata to bench_pure.npz
keys are  n<N>__<op>__<impl>__alloc__<hot|cold>
Wrote 12,960 rows to data/cpu_pure/cpu_pure.parquet
Missing combinations: 0 (0 nulls)
  all ops validated

  bytes per element (sizeof / tracemalloc) at the largest size:
    py-list-f32      52.0 /   48.0
    py-list-float    48.0 /   48.0
    py-obj-array     48.0 /   48.0
=== done Wed Sep 30 07:46:55 PM PDT 2026 ===
