=== Sat Aug 22 04:14:58 PM PDT 2026 | job 57433994 on nid008629 ===

Currently Loaded Modules:
  1) craype-x86-milan                10) craype/2.7.36
  2) libfabric/1.22.0                11) perftools-base/26.03.0
  3) craype-network-ofi              12) cpe/26.03
  4) xpmem/2.11.5-1.3_g73ade43320bc  13) cudatoolkit/13.2
  5) gcc-native/14                   14) craype-accel-nvidia80
  6) cray-dsmml/0.3.1                15) gpu/1.0
  7) PrgEnv-gnu/8.7.0                16) sqs/2.0
  8) cray-libsci/26.03.0             17) darshan/default
  9) cray-mpich/9.1.0

 

Downloading scipy (33.7MiB)
Downloading jax-cuda13-plugin (7.6MiB)
Downloading jaxlib (83.8MiB)
 Downloaded jax-cuda13-plugin
 Downloaded jaxlib
 Downloaded scipy
Installed 22 packages in 670ms
devices: [CudaDevice(id=0)]

############################################################
### jax_sweep  (16:15:38)
###   uv run bench_jax.py --sweep 20000,250000,2500000,25000000 -r 30
############################################################
  running 160 tasks x 30 repeats (n=20000) ...
  warming up and calibrating ...
  160 tasks, estimated 2.2 s (0.0 min) of timed work
  ... 3/30 repeats
  ... 6/30 repeats
  ... 9/30 repeats
  ... 12/30 repeats
  ... 15/30 repeats
  ... 18/30 repeats
  ... 21/30 repeats
  ... 24/30 repeats
  ... 27/30 repeats
  ... 30/30 repeats
  n=20000 done, checkpointed to bench_sweep.npz
  running 160 tasks x 30 repeats (n=250000) ...
  warming up and calibrating ...
  160 tasks, estimated 2.3 s (0.0 min) of timed work
  ... 3/30 repeats
  ... 6/30 repeats
  ... 9/30 repeats
  ... 12/30 repeats
  ... 15/30 repeats
  ... 18/30 repeats
  ... 21/30 repeats
  ... 24/30 repeats
  ... 27/30 repeats
  ... 30/30 repeats
  n=250000 done, checkpointed to bench_sweep.npz
  running 160 tasks x 30 repeats (n=2500000) ...
  warming up and calibrating ...
  160 tasks, estimated 3.3 s (0.1 min) of timed work
  ... 3/30 repeats
  ... 6/30 repeats
  ... 9/30 repeats
  ... 12/30 repeats
  ... 15/30 repeats
  ... 18/30 repeats
  ... 21/30 repeats
  ... 24/30 repeats
  ... 27/30 repeats
  ... 30/30 repeats
  n=2500000 done, checkpointed to bench_sweep.npz
  running 160 tasks x 30 repeats (n=25000000) ...
  warming up and calibrating ...
  160 tasks, estimated 16.4 s (0.3 min) of timed work
  ... 3/30 repeats
  ... 6/30 repeats
  ... 9/30 repeats
  ... 12/30 repeats
  ... 15/30 repeats
  ... 18/30 repeats
  ... 21/30 repeats
  ... 24/30 repeats
  ... 27/30 repeats
  ... 30/30 repeats
jax 0.11.1 on gpu: NVIDIA A100-SXM4-80GB (1 device(s) visible)
  device memory limit 63.8 GB, 0.00 GB in use
  x64 True, matmul precision highest, timer pipelined
  4 dtypes, 10 ops, 2 mode(s), 30 repeats

====================================================================================================
ns per element, hot, eager  (elements per array in header)
====================================================================================================
op                   dtype             80,000    1,000,000   10,000,000  100,000,000
add                  JAX fp16          0.9315       0.0730       0.0135       0.0045
add                  JAX bf16          0.9266       0.0733       0.0132       0.0044
add                  JAX fp32          0.9249       0.0743       0.0167       0.0077
add                  JAX fp64          0.9312       0.1064       0.0234       0.0146
mul                  JAX fp16          0.9267       0.0735       0.0133       0.0045
mul                  JAX bf16          0.9312       0.0735       0.0135       0.0045
mul                  JAX fp32          0.9366       0.0744       0.0165       0.0077
mul                  JAX fp64          0.9361       0.1108       0.0233       0.0146
div                  JAX fp16          0.8591       0.0678       0.0128       0.0044
div                  JAX bf16          0.8601       0.0677       0.0129       0.0045
div                  JAX fp32          0.8506       0.0690       0.0166       0.0078
div                  JAX fp64          0.8625       0.1061       0.0233       0.0147
sqrt                 JAX fp16          0.8020       0.0629       0.0109       0.0032
sqrt                 JAX bf16          0.7985       0.0633       0.0112       0.0033
sqrt                 JAX fp32          0.7992       0.0639       0.0132       0.0055
sqrt                 JAX fp64          0.8082       0.0652       0.0180       0.0104
exp                  JAX fp16          0.8009       0.0630       0.0113       0.0033
exp                  JAX bf16          0.7999       0.0631       0.0109       0.0033
exp                  JAX fp32          0.7917       0.0631       0.0131       0.0055
exp                  JAX fp64          0.8074       0.0650       0.0179       0.0106
cos                  JAX fp16          0.8041       0.0630       0.0120       0.0037
cos                  JAX bf16          0.8013       0.0633       0.0119       0.0036
cos                  JAX fp32          0.7957       0.0638       0.0132       0.0056
cos                  JAX fp64          0.8069       0.0777       0.0179       0.0102
muladd               JAX fp16          1.8728       0.1491       0.0195       0.0078
muladd               JAX bf16          1.8651       0.1477       0.0197       0.0079
muladd               JAX fp32          1.8610       0.1490       0.0239       0.0144
muladd               JAX fp64          1.8733       0.1549       0.0378       0.0282
chain                JAX fp16          5.7176       0.4616       0.0502       0.0218
chain                JAX bf16          5.7332       0.4555       0.0494       0.0219
chain                JAX fp32          5.7225       0.4560       0.0545       0.0417
chain                JAX fp64          5.7178       0.4708       0.0975       0.0843
matmul               JAX fp16          1.6400       0.4059       0.3130       0.3031
matmul               JAX bf16          1.6794       0.4222       0.3292       0.3194
matmul               JAX fp32          0.8558       0.0697       0.0163       0.0082
matmul               JAX fp64          0.9003       0.2766       0.1954       0.1873
matmul_explicit      JAX fp16         78.9278       6.3188       0.6119       0.0690
matmul_explicit      JAX bf16         79.0262       6.2942       0.6120       0.0675
matmul_explicit      JAX fp32         79.3303       6.2974       0.6131       0.1009
matmul_explicit      JAX fp64         79.0831       6.3696       0.6232       0.2012

====================================================================================================
ns per element, cold, eager  (elements per array in header)
====================================================================================================
op                   dtype             80,000    1,000,000   10,000,000  100,000,000
add                  JAX fp16          0.9340       0.0742       0.0131       0.0044
add                  JAX bf16          0.9380       0.0748       0.0133       0.0045
add                  JAX fp32          0.9475       0.0759       0.0167       0.0078
add                  JAX fp64          0.9414       0.1109       0.0236       0.0147
mul                  JAX fp16          0.9463       0.0753       0.0132       0.0044
mul                  JAX bf16          0.9357       0.0738       0.0134       0.0045
mul                  JAX fp32          0.9422       0.0871       0.0167       0.0077
mul                  JAX fp64          0.9454       0.1118       0.0237       0.0146
div                  JAX fp16          0.8753       0.0692       0.0130       0.0045
div                  JAX bf16          0.8791       0.0688       0.0129       0.0045
div                  JAX fp32          0.8729       0.0711       0.0161       0.0077
div                  JAX fp64          0.8692       0.1058       0.0231       0.0145
sqrt                 JAX fp16          0.8114       0.0647       0.0110       0.0033
sqrt                 JAX bf16          0.8021       0.0632       0.0111       0.0033
sqrt                 JAX fp32          0.8225       0.0648       0.0132       0.0055
sqrt                 JAX fp64          0.8079       0.0656       0.0181       0.0105
exp                  JAX fp16          0.8204       0.0642       0.0111       0.0033
exp                  JAX bf16          0.8070       0.0631       0.0084       0.0034
exp                  JAX fp32          0.7993       0.0649       0.0131       0.0055
exp                  JAX fp64          0.8094       0.0658       0.0183       0.0106
cos                  JAX fp16          0.8173       0.0656       0.0118       0.0035
cos                  JAX bf16          0.8132       0.0639       0.0117       0.0035
cos                  JAX fp32          0.8030       0.0660       0.0134       0.0055
cos                  JAX fp64          0.8089       0.0663       0.0180       0.0102
muladd               JAX fp16          1.8913       0.1480       0.0194       0.0079
muladd               JAX bf16          1.8749       0.1481       0.0195       0.0079
muladd               JAX fp32          1.8913       0.1499       0.0237       0.0144
muladd               JAX fp64          1.8895       0.1545       0.0377       0.0282
chain                JAX fp16          5.7545       0.4567       0.0495       0.0219
chain                JAX bf16          5.7879       0.4524       0.0500       0.0219
chain                JAX fp32          5.7816       0.4546       0.0542       0.0416
chain                JAX fp64          5.7372       0.4716       0.0976       0.0845
matmul               JAX fp16          1.6207       0.4057       0.3128       0.3028
matmul               JAX bf16          1.6667       0.4230       0.3291       0.3194
matmul               JAX fp32          0.8647       0.0821       0.0163       0.0082
matmul               JAX fp64          0.9348       0.2778       0.1957       0.1878
matmul_explicit      JAX fp16         78.7735       6.3171       0.6109       0.0688
matmul_explicit      JAX bf16         79.3750       6.3458       0.6096       0.0681
matmul_explicit      JAX fp32         79.5714       6.3102       0.6152       0.1010
matmul_explicit      JAX fp64         79.6013       6.4005       0.6287       0.2013

====================================================================================================
ns per element, hot, jit  (elements per array in header)
====================================================================================================
op                   dtype             80,000    1,000,000   10,000,000  100,000,000
add                  JAX fp16          0.8088       0.0637       0.0123       0.0043
add                  JAX bf16          0.8134       0.0650       0.0123       0.0044
add                  JAX fp32          0.8142       0.0763       0.0159       0.0077
add                  JAX fp64          0.7886       0.1026       0.0228       0.0146
mul                  JAX fp16          0.8191       0.0648       0.0124       0.0044
mul                  JAX bf16          0.8085       0.0640       0.0127       0.0044
mul                  JAX fp32          0.8158       0.0794       0.0159       0.0077
mul                  JAX fp64          0.8272       0.1026       0.0231       0.0145
div                  JAX fp16          0.8170       0.0649       0.0126       0.0044
div                  JAX bf16          0.8130       0.0643       0.0125       0.0044
div                  JAX fp32          0.8144       0.0653       0.0157       0.0077
div                  JAX fp64          0.8115       0.1016       0.0230       0.0146
sqrt                 JAX fp16          0.8021       0.0627       0.0111       0.0033
sqrt                 JAX bf16          0.7956       0.0643       0.0110       0.0033
sqrt                 JAX fp32          0.8042       0.0629       0.0130       0.0055
sqrt                 JAX fp64          0.7998       0.0647       0.0181       0.0104
exp                  JAX fp16          0.8158       0.0637       0.0115       0.0033
exp                  JAX bf16          0.8058       0.0629       0.0110       0.0033
exp                  JAX fp32          0.8067       0.0642       0.0132       0.0055
exp                  JAX fp64          0.8036       0.0661       0.0182       0.0106
cos                  JAX fp16          0.8097       0.0638       0.0115       0.0035
cos                  JAX bf16          0.8036       0.0640       0.0116       0.0036
cos                  JAX fp32          0.7971       0.0641       0.0132       0.0055
cos                  JAX fp64          0.8036       0.0658       0.0179       0.0102
muladd               JAX fp16          0.8112       0.0641       0.0125       0.0044
muladd               JAX bf16          0.8194       0.0645       0.0127       0.0044
muladd               JAX fp32          0.8084       0.0647       0.0158       0.0077
muladd               JAX fp64          0.8153       0.1006       0.0229       0.0145
chain                JAX fp16          0.8216       0.0641       0.0126       0.0046
chain                JAX bf16          0.9508       0.0649       0.0126       0.0045
chain                JAX fp32          0.8203       0.0654       0.0158       0.0077
chain                JAX fp64          0.8157       0.0873       0.0229       0.0145
matmul               JAX fp16          1.5872       0.4019       0.3122       0.3028
matmul               JAX bf16          1.6316       0.4188       0.3290       0.3195
matmul               JAX fp32          0.8088       0.0659       0.0159       0.0082
matmul               JAX fp64          0.9181       0.2732       0.1948       0.1874
matmul_explicit      JAX fp16          0.8226       0.0644       0.0124       0.0044
matmul_explicit      JAX bf16          0.8143       0.0643       0.0124       0.0044
matmul_explicit      JAX fp32          0.8175       0.0648       0.0162       0.0077
matmul_explicit      JAX fp64          0.8085       0.0680       0.0229       0.0146

====================================================================================================
ns per element, cold, jit  (elements per array in header)
====================================================================================================
op                   dtype             80,000    1,000,000   10,000,000  100,000,000
add                  JAX fp16          0.8251       0.0654       0.0123       0.0044
add                  JAX bf16          0.8233       0.0652       0.0123       0.0045
add                  JAX fp32          0.8321       0.0668       0.0161       0.0078
add                  JAX fp64          0.8227       0.1027       0.0229       0.0146
mul                  JAX fp16          0.8241       0.0656       0.0127       0.0044
mul                  JAX bf16          0.8247       0.0659       0.0125       0.0044
mul                  JAX fp32          0.8305       0.0673       0.0159       0.0077
mul                  JAX fp64          0.8316       0.1034       0.0228       0.0145
div                  JAX fp16          0.8264       0.0654       0.0127       0.0044
div                  JAX bf16          0.8278       0.0652       0.0125       0.0046
div                  JAX fp32          0.8230       0.0666       0.0159       0.0077
div                  JAX fp64          0.8193       0.1018       0.0228       0.0145
sqrt                 JAX fp16          0.8101       0.0624       0.0112       0.0033
sqrt                 JAX bf16          0.8109       0.0631       0.0111       0.0033
sqrt                 JAX fp32          0.8155       0.0643       0.0130       0.0055
sqrt                 JAX fp64          0.8142       0.0665       0.0179       0.0105
exp                  JAX fp16          0.8142       0.0632       0.0112       0.0034
exp                  JAX bf16          0.8059       0.0639       0.0111       0.0033
exp                  JAX fp32          0.8088       0.0649       0.0131       0.0055
exp                  JAX fp64          0.8121       0.0659       0.0183       0.0106
cos                  JAX fp16          0.8148       0.0646       0.0116       0.0035
cos                  JAX bf16          0.8120       0.0650       0.0118       0.0036
cos                  JAX fp32          0.8122       0.0648       0.0133       0.0055
cos                  JAX fp64          0.8219       0.0663       0.0183       0.0102
muladd               JAX fp16          0.8238       0.0653       0.0130       0.0044
muladd               JAX bf16          0.8370       0.0656       0.0126       0.0045
muladd               JAX fp32          0.8163       0.0669       0.0159       0.0077
muladd               JAX fp64          0.8150       0.1026       0.0226       0.0146
chain                JAX fp16          0.8294       0.0661       0.0130       0.0045
chain                JAX bf16          0.8182       0.0664       0.0128       0.0045
chain                JAX fp32          0.8214       0.0666       0.0158       0.0077
chain                JAX fp64          0.8183       0.0976       0.0231       0.0145
matmul               JAX fp16          1.6124       0.4032       0.3124       0.3034
matmul               JAX bf16          1.6328       0.4181       0.3288       0.3196
matmul               JAX fp32          0.8216       0.0662       0.0159       0.0082
matmul               JAX fp64          0.9503       0.2746       0.1952       0.1876
matmul_explicit      JAX fp16          0.8201       0.0652       0.0126       0.0044
matmul_explicit      JAX bf16          0.8310       0.0643       0.0126       0.0044
matmul_explicit      JAX fp32          0.8340       0.0680       0.0162       0.0077
matmul_explicit      JAX fp64          0.8297       0.1006       0.0228       0.0146

  Falling steeply with size => dispatch/launch dominated at small n.
  Flattening => saturated, and you are reading real throughput.

====================================================================================================
pipelined vs blocking dispatch, same kernels (median us per call)
====================================================================================================
op                   dtype        mode    pipelined   blocking      delta    ratio
muladd               JAX fp32     eager     1436.54    1435.14      -1.40     1.0x
add                  JAX bf16     jit        427.82     427.47      -0.34     1.0x
muladd               JAX bf16     jit        427.93     427.32      -0.61     1.0x
cos                  JAX fp64     eager     1012.55    1010.89      -1.66     1.0x
add                  JAX fp64     eager     1451.09    1451.16       0.07     1.0x
add                  JAX fp16     eager      431.68     429.35      -2.33     1.0x
add                  JAX fp64     jit       1444.68    1445.94       1.26     1.0x
matmul_explicit      JAX fp16     jit        425.29     424.78      -0.51     1.0x
add                  JAX fp16     jit        424.18     425.67       1.49     1.0x
matmul_explicit      JAX bf16     eager     6407.61    6567.21     159.60     1.0x
matmul_explicit      JAX fp64     eager    20124.40   20098.79     -25.60     1.0x
cos                  JAX fp64     jit       1017.22    1016.68      -0.54     1.0x
muladd               JAX bf16     eager      777.98     779.26       1.28     1.0x
matmul_explicit      JAX bf16     jit        432.28     431.23      -1.05     1.0x
muladd               JAX fp64     eager     2810.66    2806.31      -4.35     1.0x
matmul_explicit      JAX fp16     eager     6812.50    6665.38    -147.12     1.0x
cos                  JAX bf16     eager      343.78     344.62       0.83     1.0x
cos                  JAX fp32     jit        544.14     545.50       1.37     1.0x
cos                  JAX fp32     eager      543.67     542.83      -0.84     1.0x
add                  JAX fp32     jit        760.76     763.54       2.77     1.0x
cos                  JAX fp16     eager      342.49     341.35      -1.14     1.0x
matmul_explicit      JAX fp32     eager    10111.26   10086.27     -24.99     1.0x
matmul_explicit      JAX fp32     jit        760.67     760.38      -0.29     1.0x
muladd               JAX fp16     eager      775.74     774.13      -1.61     1.0x
add                  JAX fp32     eager      766.21     763.92      -2.29     1.0x
muladd               JAX fp32     jit        760.43     759.64      -0.79     1.0x
muladd               JAX fp64     jit       1445.41    1445.52       0.11     1.0x
add                  JAX bf16     eager      436.30     435.70      -0.61     1.0x
matmul_explicit      JAX fp64     jit       1447.41    1448.82       1.41     1.0x
cos                  JAX fp16     jit        343.53     341.34      -2.19     1.0x
muladd               JAX fp16     jit        426.94     427.76       0.82     1.0x
cos                  JAX bf16     jit        344.58     344.53      -0.05     1.0x
  Blocking on every call charges each sample a full dispatch and
  synchronisation round trip; pipelined is what a loop actually pays.

====================================================================================================
max error vs float64 NumPy reference, in ULPs of the result dtype
====================================================================================================
op                   mode       JAX fp16     JAX bf16     JAX fp32     JAX fp64
add                  eager           0.5          0.5          0.5          0.0
add                  jit             0.5          0.5          0.5          0.0
mul                  eager           0.5          0.5          0.5          0.0
mul                  jit             0.5          0.5          0.5          0.0
div                  eager           0.5          0.5          2.0          0.0
div                  jit             0.5          0.5          2.0          0.0
sqrt                 eager           0.5          0.5          0.9          0.0
sqrt                 jit             0.5          0.5          0.9          0.0
exp                  eager           0.5          0.5          1.7          1.0
exp                  jit             0.5          0.5          1.7          1.0
cos                  eager           0.5          0.5          1.4          1.0
cos                  jit             0.5          0.5          1.4          1.0
muladd               eager           1.0          1.0          1.0          0.0
muladd               jit             1.0          0.5          1.0          0.0
chain                eager           0.7          0.7          0.7          1.0
chain                jit             0.7          0.6          0.7          1.0
matmul               eager           0.5          0.5          1.2          0.0
matmul               jit             0.5          0.5          1.2          0.0
matmul_explicit      eager           1.2          1.2          1.2          0.0
matmul_explicit      jit             1.2          0.5          1.2          0.0

  0 ULP means bit-identical to NumPy at that precision. A fraction of
  a ULP is just the rounding of the float64 reference down to the
  result dtype; >1 ULP on exp/cos means XLA and NumPy picked different
  approximations, which is a result about the libraries rather than an
  error in the harness. The NumPy fp64 column is 0 by construction --
  it is the reference. nan entries are combinations that were not run,
  or that failed validation outright (listed above).

saved run-by-run timings + metadata to bench_sweep.npz
keys are  n<N>__<op>__<dtype>__<eager|jit>__<hot|cold>
Wrote 19,200 rows to data/jax_sweep/jax_sweep.parquet
Missing combinations: 0 (0 nulls)
  all ops validated
  recompiles inside timed loops: 0

############################################################
### jax_dense  (16:22:46)
###   uv run bench_jax.py --sweep 250,500,1000,2500,5000,10000,25000,50000,100000,250000,500000,1000000,2500000,6250000,25000000,62500000 --ops add,exp,chain,matmul,matmul_explicit -r 30 --budget-gb 8
############################################################
  running 80 tasks x 30 repeats (n=250) ...
  warming up and calibrating ...
  80 tasks, estimated 1.8 s (0.0 min) of timed work
  ... 3/30 repeats
  ... 6/30 repeats
  ... 9/30 repeats
  ... 12/30 repeats
  ... 15/30 repeats
  ... 18/30 repeats
  ... 21/30 repeats
  ... 24/30 repeats
  ... 27/30 repeats
  ... 30/30 repeats
  n=250 done, checkpointed to bench_dense.npz
  running 80 tasks x 30 repeats (n=500) ...
  warming up and calibrating ...
  80 tasks, estimated 1.9 s (0.0 min) of timed work
  ... 3/30 repeats
  ... 6/30 repeats
  ... 9/30 repeats
  ... 12/30 repeats
  ... 15/30 repeats
  ... 18/30 repeats
  ... 21/30 repeats
  ... 24/30 repeats
  ... 27/30 repeats
  ... 30/30 repeats
  n=500 done, checkpointed to bench_dense.npz
  running 80 tasks x 30 repeats (n=1000) ...
  warming up and calibrating ...
  80 tasks, estimated 1.9 s (0.0 min) of timed work
  ... 3/30 repeats
  ... 6/30 repeats
  ... 9/30 repeats
  ... 12/30 repeats
  ... 15/30 repeats
  ... 18/30 repeats
  ... 21/30 repeats
  ... 24/30 repeats
  ... 27/30 repeats
  ... 30/30 repeats
  n=1000 done, checkpointed to bench_dense.npz
  running 80 tasks x 30 repeats (n=2500) ...
  warming up and calibrating ...
  80 tasks, estimated 1.8 s (0.0 min) of timed work
  ... 3/30 repeats
  ... 6/30 repeats
  ... 9/30 repeats
  ... 12/30 repeats
  ... 15/30 repeats
  ... 18/30 repeats
  ... 21/30 repeats
  ... 24/30 repeats
  ... 27/30 repeats
  ... 30/30 repeats
  n=2500 done, checkpointed to bench_dense.npz
  running 80 tasks x 30 repeats (n=5000) ...
  warming up and calibrating ...
  80 tasks, estimated 1.8 s (0.0 min) of timed work
  ... 3/30 repeats
  ... 6/30 repeats
  ... 9/30 repeats
  ... 12/30 repeats
  ... 15/30 repeats
  ... 18/30 repeats
  ... 21/30 repeats
  ... 24/30 repeats
  ... 27/30 repeats
  ... 30/30 repeats
  n=5000 done, checkpointed to bench_dense.npz
  running 80 tasks x 30 repeats (n=10000) ...
  warming up and calibrating ...
  80 tasks, estimated 1.9 s (0.0 min) of timed work
  ... 3/30 repeats
  ... 6/30 repeats
  ... 9/30 repeats
  ... 12/30 repeats
  ... 15/30 repeats
  ... 18/30 repeats
  ... 21/30 repeats
  ... 24/30 repeats
  ... 27/30 repeats
  ... 30/30 repeats
  n=10000 done, checkpointed to bench_dense.npz
  running 80 tasks x 30 repeats (n=25000) ...
  warming up and calibrating ...
  80 tasks, estimated 1.9 s (0.0 min) of timed work
  ... 3/30 repeats
  ... 6/30 repeats
  ... 9/30 repeats
  ... 12/30 repeats
  ... 15/30 repeats
  ... 18/30 repeats
  ... 21/30 repeats
  ... 24/30 repeats
  ... 27/30 repeats
  ... 30/30 repeats
  n=25000 done, checkpointed to bench_dense.npz
  running 80 tasks x 30 repeats (n=50000) ...
  warming up and calibrating ...
  80 tasks, estimated 1.8 s (0.0 min) of timed work
  ... 3/30 repeats
  ... 6/30 repeats
  ... 9/30 repeats
  ... 12/30 repeats
  ... 15/30 repeats
  ... 18/30 repeats
  ... 21/30 repeats
  ... 24/30 repeats
  ... 27/30 repeats
  ... 30/30 repeats
  n=50000 done, checkpointed to bench_dense.npz
  running 80 tasks x 30 repeats (n=100000) ...
  warming up and calibrating ...
  80 tasks, estimated 1.8 s (0.0 min) of timed work
  ... 3/30 repeats
  ... 6/30 repeats
  ... 9/30 repeats
  ... 12/30 repeats
  ... 15/30 repeats
  ... 18/30 repeats
  ... 21/30 repeats
  ... 24/30 repeats
  ... 27/30 repeats
  ... 30/30 repeats
  n=100000 done, checkpointed to bench_dense.npz
  running 80 tasks x 30 repeats (n=250000) ...
  warming up and calibrating ...
  80 tasks, estimated 1.9 s (0.0 min) of timed work
  ... 3/30 repeats
  ... 6/30 repeats
  ... 9/30 repeats
  ... 12/30 repeats
  ... 15/30 repeats
  ... 18/30 repeats
  ... 21/30 repeats
  ... 24/30 repeats
  ... 27/30 repeats
  ... 30/30 repeats
  n=250000 done, checkpointed to bench_dense.npz
  running 80 tasks x 30 repeats (n=500000) ...
  warming up and calibrating ...
  80 tasks, estimated 2.0 s (0.0 min) of timed work
  ... 3/30 repeats
  ... 6/30 repeats
  ... 9/30 repeats
  ... 12/30 repeats
  ... 15/30 repeats
  ... 18/30 repeats
  ... 21/30 repeats
  ... 24/30 repeats
  ... 27/30 repeats
  ... 30/30 repeats
  n=500000 done, checkpointed to bench_dense.npz
  running 80 tasks x 30 repeats (n=1000000) ...
  warming up and calibrating ...
  80 tasks, estimated 2.1 s (0.0 min) of timed work
  ... 3/30 repeats
  ... 6/30 repeats
  ... 9/30 repeats
  ... 12/30 repeats
  ... 15/30 repeats
  ... 18/30 repeats
  ... 21/30 repeats
  ... 24/30 repeats
  ... 27/30 repeats
  ... 30/30 repeats
  n=1000000 done, checkpointed to bench_dense.npz
  running 80 tasks x 30 repeats (n=2500000) ...
  warming up and calibrating ...
  80 tasks, estimated 2.9 s (0.0 min) of timed work
  ... 3/30 repeats
  ... 6/30 repeats
  ... 9/30 repeats
  ... 12/30 repeats
  ... 15/30 repeats
  ... 18/30 repeats
  ... 21/30 repeats
  ... 24/30 repeats
  ... 27/30 repeats
  ... 30/30 repeats
  n=2500000 done, checkpointed to bench_dense.npz
  running 80 tasks x 30 repeats (n=6250000) ...
  warming up and calibrating ...
  80 tasks, estimated 4.7 s (0.1 min) of timed work
  ... 3/30 repeats
  ... 6/30 repeats
  ... 9/30 repeats
  ... 12/30 repeats
  ... 15/30 repeats
  ... 18/30 repeats
  ... 21/30 repeats
  ... 24/30 repeats
  ... 27/30 repeats
  ... 30/30 repeats
  n=6250000 done, checkpointed to bench_dense.npz
  running 80 tasks x 30 repeats (n=25000000) ...
  warming up and calibrating ...
  80 tasks, estimated 14.5 s (0.2 min) of timed work
  ... 3/30 repeats
  ... 6/30 repeats
  ... 9/30 repeats
  ... 12/30 repeats
  ... 15/30 repeats
  ... 18/30 repeats
  ... 21/30 repeats
  ... 24/30 repeats
  ... 27/30 repeats
  ... 30/30 repeats
  n=25000000 done, checkpointed to bench_dense.npz
  running 80 tasks x 30 repeats (n=62500000) ...
  warming up and calibrating ...
  80 tasks, estimated 35.3 s (0.6 min) of timed work
  ... 3/30 repeats
  ... 6/30 repeats
  ... 9/30 repeats
  ... 12/30 repeats
  ... 15/30 repeats
  ... 18/30 repeats
  ... 21/30 repeats
  ... 24/30 repeats
  ... 27/30 repeats
  ... 30/30 repeats
jax 0.11.1 on gpu: NVIDIA A100-SXM4-80GB (1 device(s) visible)
  device memory limit 63.8 GB, 0.00 GB in use
  x64 True, matmul precision highest, timer pipelined
  4 dtypes, 5 ops, 2 mode(s), 30 repeats

====================================================================================================
ns per element, hot, eager  (elements per array in header)
====================================================================================================
op                   dtype              1,000        2,000        4,000       10,000       20,000       40,000      100,000      200,000      400,000    1,000,000    2,000,000    4,000,000   10,000,000   25,000,000  100,000,000  250,000,000
add                  JAX fp16         70.7140      37.4511      18.2747       7.3630       3.6426       1.8565       0.7222       0.3642       0.1912       0.0731       0.0363       0.0256       0.0137       0.0074       0.0047       0.0041
add                  JAX bf16         72.0115      37.6526      18.2152       7.3226       3.6685       1.8835       0.7350       0.3655       0.1853       0.0726       0.0358       0.0256       0.0133       0.0075       0.0046       0.0040
add                  JAX fp32         71.1350      37.1955      18.4043       7.3069       3.6652       1.8747       0.7292       0.3616       0.1828       0.0711       0.0364       0.0295       0.0167       0.0108       0.0078       0.0074
add                  JAX fp64         71.5305      37.4774      18.2509       7.4096       3.7786       1.8759       0.7398       0.3697       0.1882       0.1077       0.0598       0.0367       0.0237       0.0177       0.0146       0.0142
exp                  JAX fp16         58.7050      32.4590      15.4323       6.3189       3.1711       1.6201       0.6297       0.3167       0.1533       0.0636       0.0309       0.0170       0.0110       0.0058       0.0034       0.0029
exp                  JAX bf16         58.1673      32.7206      16.0942       6.3715       3.2380       1.6256       0.6324       0.3222       0.1585       0.0639       0.0308       0.0170       0.0110       0.0058       0.0035       0.0029
exp                  JAX fp32         60.6495      32.2248      15.7403       6.3041       3.1671       1.6238       0.6296       0.3129       0.1610       0.0635       0.0319       0.0187       0.0133       0.0081       0.0056       0.0050
exp                  JAX fp64         61.2635      32.5528      15.7311       6.3250       3.2230       1.6378       0.6350       0.3162       0.1534       0.0649       0.0503       0.0296       0.0183       0.0133       0.0107       0.0101
chain                JAX fp16        438.8370     232.2457     111.7283      44.5845      22.6126      11.5735       4.4795       2.2903       1.1271       0.4350       0.2134       0.1083       0.0510       0.0264       0.0220       0.0212
chain                JAX bf16        436.7380     232.0230     111.8020      44.8130      23.0465      11.6589       4.4658       2.2562       1.1437       0.4356       0.2138       0.1100       0.0508       0.0263       0.0220       0.0213
chain                JAX fp32        435.5955     233.0097     112.3944      44.6862      22.7474      11.5537       4.4887       2.2407       1.1390       0.4417       0.2135       0.1158       0.0539       0.0459       0.0417       0.0410
chain                JAX fp64        438.0205     232.6590     111.5616      44.5601      22.9721      11.5728       4.4539       2.2525       1.1198       0.4415       0.2339       0.1200       0.0972       0.0892       0.0844       0.0836
matmul               JAX fp16         91.6945      52.5713      25.9953      10.3890       5.2145       2.7045       1.3287       0.7949       0.5482       0.4062       0.3528       0.3275       0.3132       0.3055       0.3029       0.3018
matmul               JAX bf16         91.5043      47.9061      23.3807       9.3964       5.5339       2.7092       1.3496       0.8035       0.5649       0.4231       0.3690       0.3439       0.3299       0.3223       0.3195       0.3184
matmul               JAX fp32         65.4413      34.7357      16.7986       6.7705       3.4227       1.7386       0.6702       0.3377       0.1699       0.0681       0.0347       0.0291       0.0167       0.0110       0.0084       0.0079
matmul               JAX fp64         65.9547      39.3508      16.8474       6.8339       3.6022       1.7702       1.0843       0.6532       0.4132       0.2765       0.2304       0.2083       0.1964       0.1900       0.1880       0.1866
matmul_explicit      JAX fp16       5964.3015    3160.2697    1558.2211     624.6812     312.1460     156.8679      61.4802      30.6260      15.7876       6.1581       2.9865       1.4781       0.6154       0.2479       0.0686       0.0502
matmul_explicit      JAX bf16       5951.0410    3160.9382    1552.2120     622.7545     310.5742     156.6096      61.1166      30.6023      15.7994       6.0948       2.9975       1.4788       0.6114       0.2451       0.0671       0.0504
matmul_explicit      JAX fp32       5975.0275    3169.0043    1567.7985     626.6174     313.4906     157.8199      61.9402      30.8684      15.5608       6.1489       3.0174       1.4928       0.6201       0.2515       0.1010       0.0958
matmul_explicit      JAX fp64       5968.3095    3165.0863    1562.3605     626.4647     311.9636     156.6038      61.2637      30.9221      15.8275       6.1457       2.9995       1.4984       0.6234       0.2577       0.2011       0.1968

====================================================================================================
ns per element, cold, eager  (elements per array in header)
====================================================================================================
op                   dtype              1,000        2,000        4,000       10,000       20,000       40,000      100,000      200,000      400,000    1,000,000    2,000,000    4,000,000   10,000,000   25,000,000  100,000,000  250,000,000
add                  JAX fp16         71.9790      37.8092      18.6691       7.3825       3.7978       1.8785       0.7345       0.3690       0.1873       0.0734       0.0367       0.0253       0.0135       0.0075       0.0048       0.0040
add                  JAX bf16         71.9615      37.6889      18.4337       7.3925       3.7263       1.9052       0.7355       0.3669       0.1857       0.0726       0.0367       0.0251       0.0134       0.0075       0.0047       0.0041
add                  JAX fp32         72.5430      37.8367      18.4193       7.4572       3.7360       1.8735       0.7547       0.3694       0.1828       0.0739       0.0405       0.0299       0.0168       0.0108       0.0079       0.0073
add                  JAX fp64         72.7880      37.9645      18.6567       7.4176       3.7432       1.9108       0.7481       0.3724       0.1872       0.0874       0.0605       0.0370       0.0239       0.0178       0.0147       0.0141
exp                  JAX fp16         58.9253      33.0086      15.8994       6.4369       3.2461       1.6171       0.6313       0.3096       0.1619       0.0632       0.0319       0.0173       0.0112       0.0058       0.0034       0.0028
exp                  JAX bf16         59.3178      32.6644      16.1167       6.4758       3.2192       1.6234       0.6403       0.3150       0.1649       0.0638       0.0325       0.0172       0.0113       0.0058       0.0035       0.0028
exp                  JAX fp32         59.3112      32.4089      16.0854       6.3598       3.1789       1.6021       0.6347       0.3255       0.1555       0.0634       0.0315       0.0191       0.0135       0.0080       0.0055       0.0050
exp                  JAX fp64         59.7588      32.9836      15.8543       6.5201       3.2078       1.6442       0.6328       0.3211       0.1639       0.0652       0.0386       0.0303       0.0184       0.0132       0.0107       0.0103
chain                JAX fp16        439.8040     231.8575     113.2384      44.9803      22.9739      11.5666       4.4718       2.2752       1.1535       0.4443       0.2131       0.1091       0.0514       0.0264       0.0220       0.0212
chain                JAX bf16        439.1620     233.1525     112.0325      44.7017      22.8403      11.5782       4.4553       2.2842       1.1257       0.4436       0.2138       0.1086       0.0497       0.0262       0.0219       0.0212
chain                JAX fp32        439.7035     232.6665     111.6230      44.9874      22.7058      11.6366       4.5032       2.2545       1.1292       0.4437       0.2130       0.1157       0.0545       0.0460       0.0418       0.0411
chain                JAX fp64        439.3330     232.8317     112.5447      45.2758      23.3027      11.6465       4.4628       2.2775       1.1458       0.4452       0.2340       0.1209       0.0976       0.0894       0.0844       0.0839
matmul               JAX fp16         92.9615      53.2278      26.3545      10.6225       4.7758       2.7170       1.3469       0.7954       0.5500       0.4066       0.3531       0.3275       0.3131       0.3054       0.3029       0.3019
matmul               JAX bf16         93.1698      53.2505      26.3020      10.5158       5.5071       2.7161       1.3700       0.8125       0.5664       0.4241       0.3699       0.3437       0.3298       0.3220       0.3195       0.3184
matmul               JAX fp32         66.0175      35.3231      17.1212       6.8943       3.4856       1.7606       0.6763       0.3440       0.1736       0.0690       0.0460       0.0290       0.0164       0.0111       0.0085       0.0080
matmul               JAX fp64         66.8940      35.2805      17.2120       6.8698       3.4978       1.7941       1.0864       0.6469       0.4140       0.2764       0.2298       0.2079       0.1957       0.1899       0.1877       0.1865
matmul_explicit      JAX fp16       6028.2200    3182.2672    1567.0620     628.4845     312.8461     158.0131      61.7324      31.0180      15.8081       6.1612       2.9839       1.4846       0.6256       0.2558       0.0694       0.0504
matmul_explicit      JAX bf16       6018.9070    3159.3903    1557.3184     624.4984     312.2815     157.2798      61.6645      30.7346      15.9237       6.1429       3.0002       1.4805       0.6162       0.2470       0.0691       0.0505
matmul_explicit      JAX fp32       5998.7335    3161.0810    1567.4390     625.5047     311.8093     158.1957      61.7578      30.9122      15.8980       6.1590       3.0071       1.4827       0.6161       0.2505       0.1009       0.0957
matmul_explicit      JAX fp64       5957.1280    3160.4823    1563.8746     624.6050     312.9685     157.3199      61.5080      30.8287      15.7646       6.1697       2.9870       1.4969       0.6289       0.2554       0.2013       0.1967

====================================================================================================
ns per element, hot, jit  (elements per array in header)
====================================================================================================
op                   dtype              1,000        2,000        4,000       10,000       20,000       40,000      100,000      200,000      400,000    1,000,000    2,000,000    4,000,000   10,000,000   25,000,000  100,000,000  250,000,000
add                  JAX fp16         59.8270      33.1264      15.8775       6.4229       3.2663       1.6470       0.6396       0.3251       0.1658       0.0662       0.0321       0.0235       0.0125       0.0071       0.0045       0.0039
add                  JAX bf16         61.7667      32.8221      15.8488       6.3984       3.2698       1.6448       0.6217       0.3184       0.1608       0.0649       0.0316       0.0174       0.0126       0.0072       0.0044       0.0039
add                  JAX fp32         59.2442      33.1076      15.9664       6.4066       3.2634       1.6483       0.6385       0.3200       0.1628       0.0657       0.0328       0.0279       0.0159       0.0104       0.0078       0.0073
add                  JAX fp64         60.1043      32.7708      15.8826       6.4352       3.2820       1.6456       0.6390       0.3249       0.1629       0.0657       0.0559       0.0350       0.0233       0.0174       0.0145       0.0141
exp                  JAX fp16         58.4695      32.3124      15.7316       6.2425       3.1939       1.5997       0.6230       0.3164       0.1567       0.0623       0.0313       0.0166       0.0113       0.0058       0.0033       0.0028
exp                  JAX bf16         58.5713      32.1258      15.6383       6.2761       3.1582       1.6064       0.6164       0.3132       0.1594       0.0634       0.0315       0.0169       0.0112       0.0058       0.0033       0.0028
exp                  JAX fp32         58.3477      32.3286      15.3947       6.2814       3.1965       1.6076       0.6249       0.3208       0.1606       0.0634       0.0315       0.0186       0.0135       0.0081       0.0058       0.0051
exp                  JAX fp64         58.4745      32.5591      15.5794       6.2982       3.1957       1.6106       0.6387       0.3176       0.1549       0.0642       0.0368       0.0304       0.0189       0.0138       0.0110       0.0105
chain                JAX fp16         59.8403      32.9060      15.8926       6.3911       3.1685       1.6454       0.6332       0.3176       0.1627       0.0649       0.0320       0.0171       0.0126       0.0072       0.0045       0.0040
chain                JAX bf16         59.3713      32.6505      16.0052       6.4414       3.3230       1.6326       0.6413       0.3256       0.1618       0.0650       0.0320       0.0239       0.0127       0.0074       0.0046       0.0040
chain                JAX fp32         59.1575      32.7319      16.0015       6.3994       3.2386       1.6533       0.6349       0.3231       0.1608       0.0663       0.0328       0.0274       0.0161       0.0105       0.0079       0.0073
chain                JAX fp64         59.8037      32.7645      16.0747       6.3480       3.2585       1.6714       0.6370       0.3200       0.1649       0.0820       0.0569       0.0349       0.0229       0.0173       0.0145       0.0141
matmul               JAX fp16         86.6398      49.9915      24.8680       9.9933       5.1241       2.5404       1.3139       0.7829       0.5393       0.4032       0.3509       0.3267       0.3130       0.3054       0.3031       0.3020
matmul               JAX bf16         87.5865      50.3198      24.8643      10.1086       4.7949       2.6005       1.3253       0.7948       0.5538       0.4191       0.3678       0.3430       0.3291       0.3217       0.3194       0.3183
matmul               JAX fp32         59.4198      33.1275      16.1975       6.4231       3.2236       1.6546       0.6360       0.3220       0.1611       0.0642       0.0325       0.0284       0.0160       0.0110       0.0083       0.0078
matmul               JAX fp64         58.9373      32.8207      15.9182       6.4076       3.5035       1.7020       1.0412       0.6286       0.4068       0.2739       0.2277       0.2074       0.1957       0.1897       0.1875       0.1866
matmul_explicit      JAX fp16         60.4167      32.8259      15.8706       6.4031       3.2459       1.6442       0.6294       0.3273       0.1656       0.0658       0.0326       0.0171       0.0126       0.0072       0.0046       0.0040
matmul_explicit      JAX bf16         59.8105      33.1852      16.0378       6.4597       3.2429       1.6357       0.6323       0.3165       0.1614       0.0642       0.0315       0.0172       0.0128       0.0071       0.0046       0.0041
matmul_explicit      JAX fp32         61.5063      33.0413      16.0823       6.4154       3.1898       1.6575       0.6377       0.3199       0.1613       0.0660       0.0316       0.0276       0.0158       0.0104       0.0076       0.0072
matmul_explicit      JAX fp64         59.8655      33.0663      15.9539       6.4673       3.3242       1.6604       0.6540       0.3244       0.1617       0.1015       0.0561       0.0354       0.0226       0.0175       0.0146       0.0141

====================================================================================================
ns per element, cold, jit  (elements per array in header)
====================================================================================================
op                   dtype              1,000        2,000        4,000       10,000       20,000       40,000      100,000      200,000      400,000    1,000,000    2,000,000    4,000,000   10,000,000   25,000,000  100,000,000  250,000,000
add                  JAX fp16         63.0815      33.2918      16.6816       6.5105       3.4356       1.6917       0.6544       0.3297       0.1645       0.0660       0.0333       0.0186       0.0129       0.0073       0.0045       0.0040
add                  JAX bf16         60.2462      33.2342      16.1700       6.4585       3.2299       1.6570       0.6409       0.3207       0.1639       0.0662       0.0328       0.0242       0.0127       0.0072       0.0044       0.0039
add                  JAX fp32         60.1563      33.0913      16.1675       6.4615       3.2835       1.6536       0.6448       0.3253       0.1625       0.0669       0.0353       0.0278       0.0161       0.0105       0.0079       0.0074
add                  JAX fp64         62.2103      33.3119      16.2201       6.5829       3.2919       1.6558       0.6444       0.3302       0.1675       0.0793       0.0565       0.0350       0.0235       0.0177       0.0149       0.0144
exp                  JAX fp16         59.2443      32.7118      15.7072       6.4415       3.2006       1.6218       0.6321       0.3290       0.1610       0.0643       0.0324       0.0173       0.0113       0.0060       0.0033       0.0030
exp                  JAX bf16         59.5700      32.8133      15.9264       6.3683       3.1841       1.6087       0.6477       0.3252       0.1561       0.0654       0.0317       0.0172       0.0115       0.0059       0.0035       0.0030
exp                  JAX fp32         59.0257      32.7946      15.9133       6.4071       3.1938       1.6477       0.6255       0.3207       0.1599       0.0650       0.0323       0.0195       0.0132       0.0081       0.0055       0.0050
exp                  JAX fp64         59.0807      32.5968      15.9628       6.4532       3.2583       1.6216       0.6388       0.3208       0.1606       0.0633       0.0388       0.0305       0.0189       0.0133       0.0108       0.0103
chain                JAX fp16         60.6455      33.3831      16.1549       6.5058       3.2297       1.6751       0.6571       0.3348       0.1556       0.0661       0.0324       0.0189       0.0127       0.0074       0.0046       0.0040
chain                JAX bf16         60.1647      33.4495      16.4844       6.4976       3.3108       1.6562       0.6465       0.3303       0.1688       0.0669       0.0330       0.0188       0.0128       0.0073       0.0047       0.0042
chain                JAX fp32         60.2563      33.1127      16.1186       6.5048       3.3389       1.6754       0.6514       0.3275       0.1621       0.0673       0.0356       0.0277       0.0160       0.0105       0.0080       0.0074
chain                JAX fp64         60.6405      33.2855      16.3328       6.5912       3.3078       1.6638       0.6560       0.3365       0.1712       0.0714       0.0571       0.0354       0.0238       0.0177       0.0149       0.0143
matmul               JAX fp16         88.1350      46.0551      22.9098      10.1776       5.1968       2.6250       1.3257       0.7878       0.5451       0.4043       0.3520       0.3266       0.3130       0.3054       0.3030       0.3019
matmul               JAX bf16         88.7840      51.3290      25.1135       9.0823       5.4368       2.6538       1.3234       0.7908       0.5593       0.4208       0.3678       0.3428       0.3293       0.3218       0.3196       0.3183
matmul               JAX fp32         60.1613      33.1565      16.1306       6.4136       3.2446       1.6391       0.6509       0.3225       0.1618       0.0664       0.0376       0.0284       0.0160       0.0109       0.0082       0.0077
matmul               JAX fp64         63.7255      33.7965      16.4248       6.6163       3.4949       1.7189       1.0513       0.6255       0.4093       0.2760       0.2284       0.2075       0.1957       0.1897       0.1877       0.1865
matmul_explicit      JAX fp16         60.4133      33.3781      16.2012       6.4985       3.2682       1.6673       0.6400       0.3325       0.1549       0.0655       0.0325       0.0184       0.0125       0.0072       0.0045       0.0039
matmul_explicit      JAX bf16         62.4880      33.3782      15.9120       6.4560       3.2261       1.6606       0.6396       0.3245       0.1647       0.0643       0.0317       0.0186       0.0127       0.0073       0.0045       0.0040
matmul_explicit      JAX fp32         60.1843      33.1666      16.1819       6.5374       3.2413       1.6655       0.6576       0.3231       0.1651       0.0650       0.0367       0.0279       0.0160       0.0104       0.0077       0.0072
matmul_explicit      JAX fp64         60.1578      33.4381      16.0791       6.5106       3.2393       1.6652       0.6499       0.3289       0.1674       0.0778       0.0568       0.0349       0.0229       0.0174       0.0145       0.0141

  Falling steeply with size => dispatch/launch dominated at small n.
  Flattening => saturated, and you are reading real throughput.

====================================================================================================
pipelined vs blocking dispatch, same kernels (median us per call)
====================================================================================================
op                   dtype        mode    pipelined   blocking      delta    ratio
matmul_explicit      JAX bf16     jit       1000.31     944.16     -56.15     0.9x
add                  JAX fp32     jit       1769.73    1774.93       5.20     1.0x
add                  JAX fp64     jit       3592.32    3742.62     150.30     1.0x
matmul_explicit      JAX fp32     eager    23947.69   23983.13      35.44     1.0x
matmul_explicit      JAX fp64     eager    49297.74   49238.46     -59.28     1.0x
matmul_explicit      JAX fp16     jit        935.98     939.22       3.24     1.0x
add                  JAX bf16     eager      956.07     956.51       0.44     1.0x
add                  JAX fp16     jit        938.24     939.18       0.94     1.0x
matmul_explicit      JAX fp16     eager    12491.03   12473.27     -17.76     1.0x
matmul_explicit      JAX bf16     eager    12551.08   12591.21      40.12     1.0x
add                  JAX bf16     jit        946.94     945.93      -1.01     1.0x
add                  JAX fp32     eager     1782.24    1780.35      -1.90     1.0x
add                  JAX fp64     eager     3557.57    3571.19      13.62     1.0x
matmul_explicit      JAX fp32     jit       1837.84    1800.87     -36.98     1.0x
add                  JAX fp16     eager      938.83     943.13       4.29     1.0x
matmul_explicit      JAX fp64     jit       3552.13    3560.37       8.24     1.0x
  Blocking on every call charges each sample a full dispatch and
  synchronisation round trip; pipelined is what a loop actually pays.

====================================================================================================
max error vs float64 NumPy reference, in ULPs of the result dtype
====================================================================================================
op                   mode       JAX fp16     JAX bf16     JAX fp32     JAX fp64
add                  eager           0.5          0.5          0.5          0.0
add                  jit             0.5          0.5          0.5          0.0
exp                  eager           0.5          0.5          1.4          1.0
exp                  jit             0.5          0.5          1.4          1.0
chain                eager           0.6          0.6          0.7          0.0
chain                jit             0.6          0.5          0.7          0.0
matmul               eager           0.5          0.5          1.1          0.0
matmul               jit             0.5          0.5          1.1          0.0
matmul_explicit      eager           1.2          1.2          1.1          0.0
matmul_explicit      jit             1.2          0.5          1.1          0.0

  0 ULP means bit-identical to NumPy at that precision. A fraction of
  a ULP is just the rounding of the float64 reference down to the
  result dtype; >1 ULP on exp/cos means XLA and NumPy picked different
  approximations, which is a result about the libraries rather than an
  error in the harness. The NumPy fp64 column is 0 by construction --
  it is the reference. nan entries are combinations that were not run,
  or that failed validation outright (listed above).

saved run-by-run timings + metadata to bench_dense.npz
keys are  n<N>__<op>__<dtype>__<eager|jit>__<hot|cold>
Wrote 38,400 rows to data/jax_dense/jax_dense.parquet
Missing combinations: 0 (0 nulls)
  all ops validated
  recompiles inside timed loops: 0

############################################################
### jax_latency  (16:38:00)
###   uv run bench_jax.py --sweep 250,1000,5000,25000,100000,500000,2500000 --ops add,exp --timer blocking -r 30
############################################################
  running 32 tasks x 30 repeats (n=250) ...
  warming up and calibrating ...
  32 tasks, estimated 0.1 s (0.0 min) of timed work
  ... 3/30 repeats
  ... 6/30 repeats
  ... 9/30 repeats
  ... 12/30 repeats
  ... 15/30 repeats
  ... 18/30 repeats
  ... 21/30 repeats
  ... 24/30 repeats
  ... 27/30 repeats
  ... 30/30 repeats
  n=250 done, checkpointed to bench_latency.npz
  running 32 tasks x 30 repeats (n=1000) ...
  warming up and calibrating ...
  32 tasks, estimated 0.1 s (0.0 min) of timed work
  ... 3/30 repeats
  ... 6/30 repeats
  ... 9/30 repeats
  ... 12/30 repeats
  ... 15/30 repeats
  ... 18/30 repeats
  ... 21/30 repeats
  ... 24/30 repeats
  ... 27/30 repeats
  ... 30/30 repeats
  n=1000 done, checkpointed to bench_latency.npz
  running 32 tasks x 30 repeats (n=5000) ...
  warming up and calibrating ...
  32 tasks, estimated 0.1 s (0.0 min) of timed work
  ... 3/30 repeats
  ... 6/30 repeats
  ... 9/30 repeats
  ... 12/30 repeats
  ... 15/30 repeats
  ... 18/30 repeats
  ... 21/30 repeats
  ... 24/30 repeats
  ... 27/30 repeats
  ... 30/30 repeats
  n=5000 done, checkpointed to bench_latency.npz
  running 32 tasks x 30 repeats (n=25000) ...
  warming up and calibrating ...
  32 tasks, estimated 0.1 s (0.0 min) of timed work
  ... 3/30 repeats
  ... 6/30 repeats
  ... 9/30 repeats
  ... 12/30 repeats
  ... 15/30 repeats
  ... 18/30 repeats
  ... 21/30 repeats
  ... 24/30 repeats
  ... 27/30 repeats
  ... 30/30 repeats
  n=25000 done, checkpointed to bench_latency.npz
  running 32 tasks x 30 repeats (n=100000) ...
  warming up and calibrating ...
  32 tasks, estimated 0.1 s (0.0 min) of timed work
  ... 3/30 repeats
  ... 6/30 repeats
  ... 9/30 repeats
  ... 12/30 repeats
  ... 15/30 repeats
  ... 18/30 repeats
  ... 21/30 repeats
  ... 24/30 repeats
  ... 27/30 repeats
  ... 30/30 repeats
  n=100000 done, checkpointed to bench_latency.npz
  running 32 tasks x 30 repeats (n=500000) ...
  warming up and calibrating ...
  32 tasks, estimated 0.1 s (0.0 min) of timed work
  ... 3/30 repeats
  ... 6/30 repeats
  ... 9/30 repeats
  ... 12/30 repeats
  ... 15/30 repeats
  ... 18/30 repeats
  ... 21/30 repeats
  ... 24/30 repeats
  ... 27/30 repeats
  ... 30/30 repeats
  n=500000 done, checkpointed to bench_latency.npz
  running 32 tasks x 30 repeats (n=2500000) ...
  warming up and calibrating ...
  32 tasks, estimated 0.1 s (0.0 min) of timed work
  ... 3/30 repeats
  ... 6/30 repeats
  ... 9/30 repeats
  ... 12/30 repeats
  ... 15/30 repeats
  ... 18/30 repeats
  ... 21/30 repeats
  ... 24/30 repeats
  ... 27/30 repeats
  ... 30/30 repeats
jax 0.11.1 on gpu: NVIDIA A100-SXM4-80GB (1 device(s) visible)
  device memory limit 63.8 GB, 0.00 GB in use
  x64 True, matmul precision highest, timer blocking
  4 dtypes, 2 ops, 2 mode(s), 30 repeats

====================================================================================================
ns per element, hot, eager  (elements per array in header)
====================================================================================================
op                   dtype              1,000        4,000       20,000      100,000      400,000    2,000,000   10,000,000
add                  JAX fp16         78.2310      19.7794       3.9210       0.7829       0.1974       0.0404       0.0129
add                  JAX bf16         77.8605      19.5540       3.9356       0.7822       0.1966       0.0410       0.0130
add                  JAX fp32         77.8900      19.9446       3.9261       0.7827       0.1995       0.0410       0.0165
add                  JAX fp64         78.8570      19.7532       4.0554       0.7808       0.1989       0.0582       0.0234
exp                  JAX fp16         71.6130      18.3743       3.8312       0.7189       0.1773       0.0371       0.0108
exp                  JAX bf16         73.6470      17.9609       3.6648       0.7291       0.1831       0.0373       0.0109
exp                  JAX fp32         73.9425      18.3480       3.7580       0.7312       0.1851       0.0374       0.0129
exp                  JAX fp64         73.8775      18.2428       3.6453       0.7477       0.1844       0.0489       0.0180

====================================================================================================
ns per element, cold, eager  (elements per array in header)
====================================================================================================
op                   dtype              1,000        4,000       20,000      100,000      400,000    2,000,000   10,000,000
add                  JAX fp16         80.1500      20.1225       4.0624       0.8051       0.2007       0.0413       0.0131
add                  JAX bf16         79.2230      19.9947       4.0052       0.8022       0.1987       0.0417       0.0130
add                  JAX fp32         79.6385      20.1676       3.9674       0.8055       0.2000       0.0412       0.0163
add                  JAX fp64         79.7485      20.0599       4.0238       0.8079       0.2016       0.0596       0.0233
exp                  JAX fp16         74.8140      17.9120       3.6666       0.7408       0.1864       0.0376       0.0110
exp                  JAX bf16         70.8270      18.4956       3.8660       0.7351       0.1843       0.0379       0.0109
exp                  JAX fp32         72.6855      17.9134       3.8066       0.7431       0.1907       0.0373       0.0129
exp                  JAX fp64         73.1165      18.3065       3.8477       0.7971       0.1866       0.0495       0.0180

====================================================================================================
ns per element, hot, jit  (elements per array in header)
====================================================================================================
op                   dtype              1,000        4,000       20,000      100,000      400,000    2,000,000   10,000,000
add                  JAX fp16         71.8485      18.0624       3.7645       0.7469       0.1806       0.0382       0.0121
add                  JAX bf16         71.8290      18.4757       3.6213       0.7410       0.1813       0.0383       0.0122
add                  JAX fp32         73.1860      18.2729       3.7144       0.7162       0.1792       0.0404       0.0158
add                  JAX fp64         72.3900      18.2340       3.7412       0.7571       0.1938       0.0554       0.0226
exp                  JAX fp16         72.8955      17.9045       3.8142       0.7561       0.1827       0.0383       0.0108
exp                  JAX bf16         72.8310      18.9265       3.8685       0.7675       0.1960       0.0390       0.0109
exp                  JAX fp32         75.5610      18.5784       3.7142       0.7520       0.1842       0.0386       0.0128
exp                  JAX fp64         73.7675      19.1294       3.6658       0.7237       0.1852       0.0489       0.0178

====================================================================================================
ns per element, cold, jit  (elements per array in header)
====================================================================================================
op                   dtype              1,000        4,000       20,000      100,000      400,000    2,000,000   10,000,000
add                  JAX fp16         75.6205      19.5364       3.8021       0.7456       0.1836       0.0382       0.0123
add                  JAX bf16         75.8510      18.9115       3.7262       0.7556       0.1857       0.0393       0.0123
add                  JAX fp32         74.1480      18.4319       3.8755       0.7460       0.1849       0.0417       0.0157
add                  JAX fp64         75.4710      18.4394       3.7340       0.7474       0.1834       0.0555       0.0227
exp                  JAX fp16         72.2540      18.9991       3.8840       0.7446       0.1897       0.0377       0.0109
exp                  JAX bf16         73.1415      18.4594       3.7778       0.7682       0.1886       0.0380       0.0109
exp                  JAX fp32         70.7560      18.0272       3.7728       0.7481       0.1864       0.0380       0.0129
exp                  JAX fp64         76.3470      18.8025       4.0574       0.7401       0.1839       0.0496       0.0179

  Falling steeply with size => dispatch/launch dominated at small n.
  Flattening => saturated, and you are reading real throughput.

====================================================================================================
pipelined vs blocking dispatch, same kernels (median us per call)
====================================================================================================
op                   dtype        mode    pipelined   blocking      delta    ratio
add                  JAX fp64     jit        235.88     225.31     -10.57     1.0x
add                  JAX bf16     jit        118.61     117.93      -0.68     1.0x
add                  JAX fp32     eager      162.44     161.40      -1.04     1.0x
add                  JAX fp64     eager      231.81     231.44      -0.37     1.0x
add                  JAX fp32     jit        154.87     155.75       0.89     1.0x
add                  JAX fp16     jit        118.57     119.12       0.55     1.0x
add                  JAX bf16     eager      125.75     125.28      -0.48     1.0x
add                  JAX fp16     eager      126.05     125.92      -0.13     1.0x
  Blocking on every call charges each sample a full dispatch and
  synchronisation round trip; pipelined is what a loop actually pays.

====================================================================================================
max error vs float64 NumPy reference, in ULPs of the result dtype
====================================================================================================
op                   mode       JAX fp16     JAX bf16     JAX fp32     JAX fp64
add                  eager           0.5          0.5          0.5          0.0
add                  jit             0.5          0.5          0.5          0.0
exp                  eager           0.5          0.5          1.4          1.0
exp                  jit             0.5          0.5          1.4          1.0

  0 ULP means bit-identical to NumPy at that precision. A fraction of
  a ULP is just the rounding of the float64 reference down to the
  result dtype; >1 ULP on exp/cos means XLA and NumPy picked different
  approximations, which is a result about the libraries rather than an
  error in the harness. The NumPy fp64 column is 0 by construction --
  it is the reference. nan entries are combinations that were not run,
  or that failed validation outright (listed above).

saved run-by-run timings + metadata to bench_latency.npz
keys are  n<N>__<op>__<dtype>__<eager|jit>__<hot|cold>
Wrote 6,720 rows to data/jax_latency/jax_latency.parquet
Missing combinations: 0 (0 nulls)
  all ops validated
  recompiles inside timed loops: 0

############################################################
### jax_cpu  (16:39:03)
###   uv run bench_jax.py --platform cpu --sweep 20000,250000,2500000 --ops add,exp,chain,matmul,matmul_explicit -r 30 --with-numpy --budget-gb 4
############################################################
  running 110 tasks x 30 repeats (n=20000) ...
  warming up and calibrating ...
  110 tasks, estimated 2.0 s (0.0 min) of timed work
  ... 3/30 repeats
  ... 6/30 repeats
  ... 9/30 repeats
  ... 12/30 repeats
  ... 15/30 repeats
  ... 18/30 repeats
  ... 21/30 repeats
  ... 24/30 repeats
  ... 27/30 repeats
  ... 30/30 repeats
  n=20000 done, checkpointed to bench_cpu.npz
  running 110 tasks x 30 repeats (n=250000) ...
  warming up and calibrating ...
  110 tasks, estimated 14.4 s (0.2 min) of timed work
  ... 3/30 repeats
  ... 6/30 repeats
  ... 9/30 repeats
  ... 12/30 repeats
  ... 15/30 repeats
  ... 18/30 repeats
  ... 21/30 repeats
  ... 24/30 repeats
  ... 27/30 repeats
  ... 30/30 repeats
  n=250000 done, checkpointed to bench_cpu.npz
  running 110 tasks x 30 repeats (n=2500000) ...
  warming up and calibrating ...
  110 tasks, estimated 155.4 s (2.6 min) of timed work
  ... 3/30 repeats
  ... 6/30 repeats
  ... 9/30 repeats
  ... 12/30 repeats
  ... 15/30 repeats
  ... 18/30 repeats
  ... 21/30 repeats
  ... 24/30 repeats
  ... 27/30 repeats
  ... 30/30 repeats
jax 0.11.1 on cpu: cpu (1 device(s) visible)
  device memory limit 0.0 GB, 0.00 GB in use
  x64 True, matmul precision highest, timer pipelined
  7 dtypes, 5 ops, 2 mode(s), 30 repeats

====================================================================================================
ns per element, hot, eager  (elements per array in header)
====================================================================================================
op                   dtype             80,000    1,000,000   10,000,000
add                  JAX fp16          0.5111       0.2542       0.2322
add                  JAX bf16          1.1007       0.3630       0.2805
add                  JAX fp32          0.7932       0.3485       0.5273
add                  JAX fp64          0.8162       0.6622       0.9415
add                  NumPy fp16        6.8497       6.7278       6.7302
add                  NumPy fp32        0.2742       0.3580       0.6929
add                  NumPy fp64        0.5152       0.8308       1.2489
exp                  JAX fp16          2.9872       0.9138       0.8432
exp                  JAX bf16          3.2728       1.0666       0.9240
exp                  JAX fp32          1.8453       0.6321       0.6036
exp                  JAX fp64          2.3848       1.1181       1.2244
exp                  NumPy fp16        7.1274       7.0375       7.0175
exp                  NumPy fp32        1.4758       1.3225       1.6808
exp                  NumPy fp64        5.2735       5.1579       5.7906
chain                JAX fp16          6.8272       2.3836       2.2041
chain                JAX bf16          7.6498       2.8544       2.4584
chain                JAX fp32          4.4586       2.1415       3.0023
chain                JAX fp64          6.3609       6.1044       6.2209
chain                NumPy fp16       46.8245      46.1285      44.3021
chain                NumPy fp32        3.3232       3.0289       5.8504
chain                NumPy fp64        9.1472       9.2607      13.7710
matmul               JAX fp16          1.6563       1.3708       1.7650
matmul               JAX bf16          2.3611       1.5572       1.7686
matmul               JAX fp32          0.9020       0.7979       1.0725
matmul               JAX fp64          1.1203       0.9470       1.4754
matmul               NumPy fp16       13.0119      12.8108      12.7375
matmul               NumPy fp32       29.2924      28.7895      28.0256
matmul               NumPy fp64       28.5563      28.1829      27.6847
matmul_explicit      JAX fp16         30.3518       4.0281       2.3180
matmul_explicit      JAX bf16         29.8946       3.4671       2.3425
matmul_explicit      JAX fp32         32.0534       5.2909       5.9269
matmul_explicit      JAX fp64         35.7822       7.7113      13.2881
matmul_explicit      NumPy fp16       21.0735      20.4751      19.9534
matmul_explicit      NumPy fp32        2.5301       2.2833       3.5380
matmul_explicit      NumPy fp64        4.5944       4.5058       8.4248

====================================================================================================
ns per element, cold, eager  (elements per array in header)
====================================================================================================
op                   dtype             80,000    1,000,000   10,000,000
add                  JAX fp16          0.5436       0.2324       0.2272
add                  JAX bf16          1.0946       0.3620       0.2854
add                  JAX fp32          0.5553       0.3575       0.5203
add                  JAX fp64          0.9091       0.6277       0.9979
add                  NumPy fp16        6.8348       6.6993       6.7035
add                  NumPy fp32        0.3229       0.3935       0.6998
add                  NumPy fp64        0.6080       0.7907       1.2861
exp                  JAX fp16          3.0119       0.9364       0.8367
exp                  JAX bf16          3.2511       0.9879       0.9230
exp                  JAX fp32          1.9392       0.6459       0.6666
exp                  JAX fp64          2.3724       1.0984       1.2412
exp                  NumPy fp16        7.1481       7.0443       7.0308
exp                  NumPy fp32        1.5139       1.4397       1.6974
exp                  NumPy fp64        5.2592       5.1562       5.7858
chain                JAX fp16          6.8154       2.4234       2.1258
chain                JAX bf16          7.6679       2.8148       2.3486
chain                JAX fp32          4.6671       2.2330       3.1200
chain                JAX fp64          6.9005       6.2382       6.1464
chain                NumPy fp16       46.5733      45.0320      44.1894
chain                NumPy fp32        3.3073       3.0587       5.8865
chain                NumPy fp64        9.2331       9.3798      13.8588
matmul               JAX fp16          1.7246       1.3783       1.7295
matmul               JAX bf16          2.3375       1.4862       1.7701
matmul               JAX fp32          0.9288       0.7634       1.0731
matmul               JAX fp64          1.0171       0.9323       1.4801
matmul               NumPy fp16       12.9663      12.8143      12.7359
matmul               NumPy fp32       29.3082      29.1322      28.1762
matmul               NumPy fp64       28.5837      28.2977      27.5374
matmul_explicit      JAX fp16         30.5130       3.9964       2.2466
matmul_explicit      JAX bf16         29.9093       3.3731       2.3028
matmul_explicit      JAX fp32         32.9322       5.2658       5.8976
matmul_explicit      JAX fp64         36.3641       8.0068      13.4980
matmul_explicit      NumPy fp16       21.0203      20.0041      19.8713
matmul_explicit      NumPy fp32        2.5187       2.3574       3.5142
matmul_explicit      NumPy fp64        4.6097       4.3670       8.4525

====================================================================================================
ns per element, hot, jit  (elements per array in header)
====================================================================================================
op                   dtype             80,000    1,000,000   10,000,000
add                  JAX fp16          0.5545       0.2242       0.2147
add                  JAX bf16          0.8562       0.3377       0.2785
add                  JAX fp32          0.4244       0.3499       0.5256
add                  JAX fp64          0.7015       0.6786       0.9754
exp                  JAX fp16          3.0090       0.9383       0.6832
exp                  JAX bf16          3.3366       1.0529       0.8381
exp                  JAX fp32          1.7358       0.6460       0.5209
exp                  JAX fp64          2.4047       1.1543       1.2241
chain                JAX fp16         10.5531       2.9836       2.0371
chain                JAX bf16          2.1254       0.8291       0.5953
chain                JAX fp32          2.2096       0.8350       0.6543
chain                JAX fp64          2.5854       1.4284       1.2061
matmul               JAX fp16          1.7143       1.3315       1.7303
matmul               JAX bf16          2.4122       1.5652       1.7755
matmul               JAX fp32          0.8767       0.7714       1.0619
matmul               JAX fp64          0.9404       0.9416       1.4710
matmul_explicit      JAX fp16          1.6623       0.5733       0.6465
matmul_explicit      JAX bf16          1.2873       0.3112       0.4016
matmul_explicit      JAX fp32          1.0952       0.8098       1.4434
matmul_explicit      JAX fp64          1.4613       1.4467       3.1810

====================================================================================================
ns per element, cold, jit  (elements per array in header)
====================================================================================================
op                   dtype             80,000    1,000,000   10,000,000
add                  JAX fp16          0.5282       0.2143       0.2202
add                  JAX bf16          0.8844       0.3884       0.2896
add                  JAX fp32          0.4616       0.3266       0.5130
add                  JAX fp64          0.8667       0.6188       0.9762
exp                  JAX fp16          3.0139       0.9317       0.8075
exp                  JAX bf16          3.2835       0.9919       0.7018
exp                  JAX fp32          1.8338       0.6300       0.6802
exp                  JAX fp64          2.4912       1.1249       0.9434
chain                JAX fp16         10.6347       3.0570       1.9725
chain                JAX bf16          2.3970       0.7814       0.6010
chain                JAX fp32          2.1834       0.8392       0.6372
chain                JAX fp64          2.6953       1.5827       1.3892
matmul               JAX fp16          1.6096       1.3774       1.7217
matmul               JAX bf16          2.3240       1.4959       1.7472
matmul               JAX fp32          1.0721       0.8692       1.0526
matmul               JAX fp64          1.0292       0.9352       1.4810
matmul_explicit      JAX fp16          1.6419       0.6076       0.6082
matmul_explicit      JAX bf16          0.9454       0.2858       0.4093
matmul_explicit      JAX fp32          1.1256       0.8526       1.4817
matmul_explicit      JAX fp64          1.4415       1.5318       3.1874

  Falling steeply with size => dispatch/launch dominated at small n.
  Flattening => saturated, and you are reading real throughput.

====================================================================================================
pipelined vs blocking dispatch, same kernels (median us per call)
====================================================================================================
op                   dtype        mode    pipelined   blocking      delta    ratio
matmul_explicit      JAX fp32     eager    58159.23   55876.19   -2283.04     1.0x
matmul_explicit      JAX fp64     eager   131203.85  129908.50   -1295.35     1.0x
matmul_explicit      JAX fp32     jit       8935.02   10958.10    2023.07     1.2x
add                  JAX fp64     jit       8736.23    8713.99     -22.24     1.0x
matmul_explicit      JAX fp64     jit      27653.23   27750.15      96.92     1.0x
add                  NumPy fp16   eager    61794.54   62281.21     486.67     1.0x
add                  JAX bf16     jit       1434.52    1400.37     -34.15     1.0x
add                  JAX fp64     eager     8788.19    8804.12      15.93     1.0x
matmul_explicit      NumPy fp64   eager    85381.57   85349.55     -32.02     1.0x
add                  JAX fp32     jit       3051.39    3002.75     -48.65     1.0x
matmul_explicit      NumPy fp16   eager   194015.70  192998.00   -1017.70     1.0x
matmul_explicit      JAX bf16     eager    25241.44   27408.85    2167.41     1.1x
add                  JAX fp32     eager     4866.13    4979.77     113.63     1.0x
matmul_explicit      JAX fp16     jit       3412.27    3411.85      -0.42     1.0x
add                  JAX fp16     jit        685.41     627.32     -58.09     0.9x
matmul_explicit      JAX fp16     eager    26248.02   28534.40    2286.37     1.1x
matmul_explicit      JAX bf16     jit       2246.87    2009.93    -236.94     0.9x
add                  NumPy fp64   eager    12297.19   12144.02    -153.17     1.0x
add                  NumPy fp32   eager     6787.26    6774.40     -12.86     1.0x
matmul_explicit      NumPy fp32   eager    35541.49   35441.38    -100.11     1.0x
add                  JAX bf16     eager     2742.56    1401.36   -1341.19     0.5x
add                  JAX fp16     eager      810.58     689.77    -120.81     0.9x
  Blocking on every call charges each sample a full dispatch and
  synchronisation round trip; pipelined is what a loop actually pays.

====================================================================================================
max error vs float64 NumPy reference, in ULPs of the result dtype
====================================================================================================
op                   mode       JAX fp16     JAX bf16     JAX fp32     JAX fp64   NumPy fp16   NumPy fp32   NumPy fp64
add                  eager           0.5          0.5          0.5          0.0          0.5          0.5          0.0
add                  jit             0.5          0.5          0.5          0.0          nan          nan          nan
exp                  eager           0.5          0.5          0.9          1.0          0.5          2.2          0.0
exp                  jit             0.5          0.5          0.9          1.0          nan          nan          nan
chain                eager           0.7          0.7          0.7          1.0          0.7          0.7          0.0
chain                jit             0.7          0.7          0.7          1.0          nan          nan          nan
matmul               eager           0.5          0.5          1.0          0.0          0.5          1.0          0.0
matmul               jit             0.5          0.5          1.0          0.0          nan          nan          nan
matmul_explicit      eager           1.2          1.2          1.2          0.0          1.2          1.2          0.0
matmul_explicit      jit             1.2          1.2          1.0          1.0          nan          nan          nan

  0 ULP means bit-identical to NumPy at that precision. A fraction of
  a ULP is just the rounding of the float64 reference down to the
  result dtype; >1 ULP on exp/cos means XLA and NumPy picked different
  approximations, which is a result about the libraries rather than an
  error in the harness. The NumPy fp64 column is 0 by construction --
  it is the reference. nan entries are combinations that were not run,
  or that failed validation outright (listed above).

saved run-by-run timings + metadata to bench_cpu.npz
keys are  n<N>__<op>__<dtype>__<eager|jit>__<hot|cold>
Wrote 12,600 rows to data/jax_cpu/jax_cpu.parquet
Missing combinations: 90 (2,700 nulls)
  all ops validated
  recompiles inside timed loops: 0

=== summary (Sat Aug 22 04:43:57 PM PDT 2026) ===
  jax_sweep: ok
  jax_dense: ok
  jax_latency: ok
  jax_cpu: ok

Parquet + JSON are in data/jax_sweep, data/jax_dense, data/jax_latency,
data/jax_cpu. The destination column holds eager/jit, not alloc/out.
